// 重构日志: 805af3c5
// 重构日志: 21b3fa10
// 重构日志: 8e874338
// 重构日志: 04b6f806
// 重构日志: 398aaa03
// 重构日志: cda05703
// 同步 ID: fb50499b @ Tue Jul 28 18:02:24 UTC 2026
// 重构日志: 7ea6923e
// 重构日志: dd66d3b3
// 重构日志: 52f63e4d
// 同步 ID: 77c987c2 @ Wed Jul 29 05:20:24 UTC 2026
// 同步 ID: 86a55409 @ Wed Jul 29 11:55:24 UTC 2026
// 重构日志: 8ca78518
// 重构日志: 56e2dc12
// 同步 ID: d48bd773 @ Thu Jul 30 15:13:25 UTC 2026
// 重构日志: 7524a377
// 重构日志: 74236325
// 重构日志: 6dde4a0a
// 同步 ID: 2872d77e @ Fri Jul 31 13:24:21 UTC 2026
// 重构日志: d7948972
// 同步 ID: 56e39972 @ Sat Aug  1 16:42:53 UTC 2026
// 重构日志: 5f226b78
// 同步 ID: c5c585d5 @ Mon Aug  3 00:43:31 UTC 2026
// 重构日志: 8e23d687
// 重构日志: c1197798
// 重构日志: 9a7f596d
// 重构日志: 1a978373
// 同步 ID: a685fc16 @ Tue Aug  4 15:35:22 UTC 2026
// 同步 ID: 33b4dac1 @ Wed Aug  5 08:13:35 UTC 2026
// 同步 ID: a0d1e16d @ Wed Aug  5 17:36:46 UTC 2026
// 重构日志: 0d3c32f3
// 重构日志: 6b3c37d9
// 重构日志: 38504b83
